
Circuit 1 cell sky130_fd_pr__nfet_01v8 and Circuit 2 cell sky130_fd_pr__nfet_01v8 are black boxes.
Warning: Equate pins:  cell sky130_fd_pr__nfet_01v8 is a placeholder, treated as a black box.
Warning: Equate pins:  cell sky130_fd_pr__nfet_01v8 is a placeholder, treated as a black box.

Subcircuit pins:
Circuit 1: sky130_fd_pr__nfet_01v8         |Circuit 2: sky130_fd_pr__nfet_01v8         
-------------------------------------------|-------------------------------------------
1                                          |1                                          
2                                          |2                                          
3                                          |3                                          
4                                          |4                                          
---------------------------------------------------------------------------------------
Cell pin lists are equivalent.
Device classes sky130_fd_pr__nfet_01v8 and sky130_fd_pr__nfet_01v8 are equivalent.

Circuit 1 cell sky130_fd_pr__pfet_01v8 and Circuit 2 cell sky130_fd_pr__pfet_01v8 are black boxes.
Warning: Equate pins:  cell sky130_fd_pr__pfet_01v8 is a placeholder, treated as a black box.
Warning: Equate pins:  cell sky130_fd_pr__pfet_01v8 is a placeholder, treated as a black box.

Subcircuit pins:
Circuit 1: sky130_fd_pr__pfet_01v8         |Circuit 2: sky130_fd_pr__pfet_01v8         
-------------------------------------------|-------------------------------------------
1                                          |1                                          
2                                          |2                                          
3                                          |3                                          
4                                          |4                                          
---------------------------------------------------------------------------------------
Cell pin lists are equivalent.
Device classes sky130_fd_pr__pfet_01v8 and sky130_fd_pr__pfet_01v8 are equivalent.

Circuit 1 cell sky130_fd_pr__cap_mim_m3_1 and Circuit 2 cell sky130_fd_pr__cap_mim_m3_1 are black boxes.
Warning: Equate pins:  cell sky130_fd_pr__cap_mim_m3_1 is a placeholder, treated as a black box.
Warning: Equate pins:  cell sky130_fd_pr__cap_mim_m3_1 is a placeholder, treated as a black box.

Subcircuit pins:
Circuit 1: sky130_fd_pr__cap_mim_m3_1      |Circuit 2: sky130_fd_pr__cap_mim_m3_1      
-------------------------------------------|-------------------------------------------
1                                          |1                                          
2                                          |2                                          
---------------------------------------------------------------------------------------
Cell pin lists are equivalent.
Device classes sky130_fd_pr__cap_mim_m3_1 and sky130_fd_pr__cap_mim_m3_1 are equivalent.
Flattening unmatched subcell OPAMP_TWO_STAGE in circuit opamp_test (1)(1 instance)
Flattening unmatched subcell INPUT_STAGE in circuit opamp_test (1)(1 instance)
Flattening unmatched subcell diff_test in circuit opamp_test (1)(1 instance)
Flattening unmatched subcell nmos_test in circuit opamp_test (1)(8 instances)
Flattening unmatched subcell CURRENT_MIRROR in circuit opamp_test (1)(4 instances)
Flattening unmatched subcell NMOS_1 in circuit opamp_test (1)(10 instances)
Flattening unmatched subcell GAIN_STAGE in circuit opamp_test (1)(1 instance)
Flattening unmatched subcell DIFF_TO_SINGLE_CS in circuit opamp_test (1)(1 instance)
Flattening unmatched subcell DIFF_TO_SINGLE in circuit opamp_test (1)(1 instance)
Flattening unmatched subcell pmos_test in circuit opamp_test (1)(60 instances)
Flattening unmatched subcell CURRENT_MIRROR in circuit opamp_test (1)(4 instances)
Flattening unmatched subcell MIMCAP_ARR in circuit opamp_test (1)(1 instance)
Flattening unmatched subcell MIMCap in circuit opamp_test (1)(6 instances)
Flattening unmatched subcell OUTPUT_STAGE in circuit opamp_test (1)(1 instance)
Flattening unmatched subcell NMOS_2 in circuit opamp_test (1)(16 instances)
Flattening unmatched subcell CURRENT_MIRROR in circuit opamp_test (1)(4 instances)

Cell opamp_test (1) disconnected node: OPAMP_TWO_STAGE:0/GAIN_STAGE:1/CURRENT_MIRROR:1/sky130_fd_pr__nfet_01v8:REF/1
Cell opamp_test (1) disconnected node: OPAMP_TWO_STAGE:0/GAIN_STAGE:1/CURRENT_MIRROR:1/sky130_fd_pr__nfet_01v8:REF/2
Cell opamp_test (1) disconnected node: OPAMP_TWO_STAGE:0/GAIN_STAGE:1/CURRENT_MIRROR:1/sky130_fd_pr__nfet_01v8:REF/3
Cell opamp_test (1) disconnected node: OPAMP_TWO_STAGE:0/GAIN_STAGE:1/CURRENT_MIRROR:1/sky130_fd_pr__nfet_01v8:REF/4
Cell opamp_test (1) disconnected node: OPAMP_TWO_STAGE:0/GAIN_STAGE:1/CURRENT_MIRROR:1/sky130_fd_pr__nfet_01v8:COPY/2
Cell opamp_test (1) disconnected node: OPAMP_TWO_STAGE:0/GAIN_STAGE:1/CURRENT_MIRROR:1/sky130_fd_pr__nfet_01v8:COPY/3
Cell opamp_test (1) disconnected node: OPAMP_TWO_STAGE:0/GAIN_STAGE:1/CURRENT_MIRROR:1/sky130_fd_pr__nfet_01v8:COPY/4
Cell opamp_test (1) disconnected node: OPAMP_TWO_STAGE:0/GAIN_STAGE:1/CURRENT_MIRROR:1/sky130_fd_pr__nfet_01v8:REF/1
Cell opamp_test (1) disconnected node: OPAMP_TWO_STAGE:0/GAIN_STAGE:1/CURRENT_MIRROR:1/sky130_fd_pr__nfet_01v8:REF/2
Cell opamp_test (1) disconnected node: OPAMP_TWO_STAGE:0/GAIN_STAGE:1/CURRENT_MIRROR:1/sky130_fd_pr__nfet_01v8:REF/3
Cell opamp_test (1) disconnected node: OPAMP_TWO_STAGE:0/GAIN_STAGE:1/CURRENT_MIRROR:1/sky130_fd_pr__nfet_01v8:REF/4
Cell opamp_test (1) disconnected node: OPAMP_TWO_STAGE:0/GAIN_STAGE:1/CURRENT_MIRROR:1/sky130_fd_pr__nfet_01v8:COPY/2
Cell opamp_test (1) disconnected node: OPAMP_TWO_STAGE:0/GAIN_STAGE:1/CURRENT_MIRROR:1/sky130_fd_pr__nfet_01v8:COPY/3
Cell opamp_test (1) disconnected node: OPAMP_TWO_STAGE:0/GAIN_STAGE:1/CURRENT_MIRROR:1/sky130_fd_pr__nfet_01v8:COPY/4
Cell opamp_test (1) disconnected node: OPAMP_TWO_STAGE:0/GAIN_STAGE:1/CURRENT_MIRROR:1/sky130_fd_pr__nfet_01v8:REF/1
Cell opamp_test (1) disconnected node: OPAMP_TWO_STAGE:0/GAIN_STAGE:1/CURRENT_MIRROR:1/sky130_fd_pr__nfet_01v8:REF/2
Cell opamp_test (1) disconnected node: OPAMP_TWO_STAGE:0/GAIN_STAGE:1/CURRENT_MIRROR:1/sky130_fd_pr__nfet_01v8:REF/3
Cell opamp_test (1) disconnected node: OPAMP_TWO_STAGE:0/GAIN_STAGE:1/CURRENT_MIRROR:1/sky130_fd_pr__nfet_01v8:REF/4
Cell opamp_test (1) disconnected node: OPAMP_TWO_STAGE:0/GAIN_STAGE:1/CURRENT_MIRROR:1/sky130_fd_pr__nfet_01v8:COPY/2
Cell opamp_test (1) disconnected node: OPAMP_TWO_STAGE:0/GAIN_STAGE:1/CURRENT_MIRROR:1/sky130_fd_pr__nfet_01v8:COPY/3
Cell opamp_test (1) disconnected node: OPAMP_TWO_STAGE:0/GAIN_STAGE:1/CURRENT_MIRROR:1/sky130_fd_pr__nfet_01v8:COPY/4
Cell opamp_test (1) disconnected node: OPAMP_TWO_STAGE:0/GAIN_STAGE:1/CURRENT_MIRROR:1/sky130_fd_pr__nfet_01v8:REF/1
Cell opamp_test (1) disconnected node: OPAMP_TWO_STAGE:0/GAIN_STAGE:1/CURRENT_MIRROR:1/sky130_fd_pr__nfet_01v8:REF/2
Cell opamp_test (1) disconnected node: OPAMP_TWO_STAGE:0/GAIN_STAGE:1/CURRENT_MIRROR:1/sky130_fd_pr__nfet_01v8:REF/3
Cell opamp_test (1) disconnected node: OPAMP_TWO_STAGE:0/GAIN_STAGE:1/CURRENT_MIRROR:1/sky130_fd_pr__nfet_01v8:REF/4
Cell opamp_test (1) disconnected node: OPAMP_TWO_STAGE:0/GAIN_STAGE:1/CURRENT_MIRROR:1/sky130_fd_pr__nfet_01v8:COPY/2
Cell opamp_test (1) disconnected node: OPAMP_TWO_STAGE:0/GAIN_STAGE:1/CURRENT_MIRROR:1/sky130_fd_pr__nfet_01v8:COPY/3
Cell opamp_test (1) disconnected node: OPAMP_TWO_STAGE:0/GAIN_STAGE:1/CURRENT_MIRROR:1/sky130_fd_pr__nfet_01v8:COPY/4
Class opamp_test (0):  Merged 237 parallel devices.
Class opamp_test (1):  Merged 269 parallel devices.
Cell opamp_test (1) disconnected node: OPAMP_TWO_STAGE:0/GAIN_STAGE:1/CURRENT_MIRROR:1/sky130_fd_pr__nfet_01v8:REF/1
Cell opamp_test (1) disconnected node: OPAMP_TWO_STAGE:0/GAIN_STAGE:1/CURRENT_MIRROR:1/sky130_fd_pr__nfet_01v8:REF/2
Cell opamp_test (1) disconnected node: OPAMP_TWO_STAGE:0/GAIN_STAGE:1/CURRENT_MIRROR:1/sky130_fd_pr__nfet_01v8:REF/3
Cell opamp_test (1) disconnected node: OPAMP_TWO_STAGE:0/GAIN_STAGE:1/CURRENT_MIRROR:1/sky130_fd_pr__nfet_01v8:REF/4
Cell opamp_test (1) disconnected node: OPAMP_TWO_STAGE:0/GAIN_STAGE:1/CURRENT_MIRROR:1/sky130_fd_pr__nfet_01v8:COPY/2
Cell opamp_test (1) disconnected node: OPAMP_TWO_STAGE:0/GAIN_STAGE:1/CURRENT_MIRROR:1/sky130_fd_pr__nfet_01v8:COPY/3
Cell opamp_test (1) disconnected node: OPAMP_TWO_STAGE:0/GAIN_STAGE:1/CURRENT_MIRROR:1/sky130_fd_pr__nfet_01v8:COPY/4
Subcircuit summary:
Circuit 1: opamp_test                      |Circuit 2: opamp_test                      
-------------------------------------------|-------------------------------------------
sky130_fd_pr__pfet_01v8 (122->6)           |sky130_fd_pr__pfet_01v8 (184->6)           
sky130_fd_pr__nfet_01v8 (128->12)          |sky130_fd_pr__nfet_01v8 (98->12)           
sky130_fd_pr__cap_mim_m3_1 (6->1)          |sky130_fd_pr__cap_mim_m3_1 (6->1)          
Number of devices: 19                      |Number of devices: 19                      
Number of nets: 14                         |Number of nets: 14                         
---------------------------------------------------------------------------------------
NET mismatches: Class fragments follow (with fanout counts):
Circuit 1: opamp_test                      |Circuit 2: opamp_test                      

---------------------------------------------------------------------------------------
Net: a_n7935_n484#                         |Net: outputibias                           
  sky130_fd_pr__pfet_01v8/(1|3) = 1        |  sky130_fd_pr__nfet_01v8/(1|3) = 1        
  sky130_fd_pr__nfet_01v8/(1|3) = 1        |  sky130_fd_pr__nfet_01v8/2 = 2            
  sky130_fd_pr__nfet_01v8/2 = 1            |                                           
  sky130_fd_pr__cap_mim_m3_1/1 = 1         |                                           
                                           |                                           
Net: a_n7677_7899#                         |Net: commonsourceibias                     
  sky130_fd_pr__pfet_01v8/2 = 1            |  sky130_fd_pr__pfet_01v8/(1|3) = 1        
  sky130_fd_pr__pfet_01v8/(1|3) = 1        |  sky130_fd_pr__nfet_01v8/(1|3) = 1        
  sky130_fd_pr__nfet_01v8/(1|3) = 1        |  sky130_fd_pr__cap_mim_m3_1/2 = 1         
                                           |                                           
Net: a_n8335_n2966#                        |Net: vdd                                   
  sky130_fd_pr__nfet_01v8/2 = 2            |  sky130_fd_pr__pfet_01v8/(1|3) = 1        
  sky130_fd_pr__nfet_01v8/(1|3) = 1        |  sky130_fd_pr__nfet_01v8/(1|3) = 1        
                                           |                                           
Net: (no pins)                             |Net: output                                
  sky130_fd_pr__nfet_01v8/2 = 2            |  sky130_fd_pr__nfet_01v8/(1|3) = 2        
  sky130_fd_pr__nfet_01v8/(1|3) = 1        |                                           
                                           |                                           
Net: a_n2686_8022#                         |Net: OPAMP_TWO_STAGE:0/GAIN_STAGE:1/DIFF_T 
  sky130_fd_pr__pfet_01v8/(1|3) = 2        |  sky130_fd_pr__pfet_01v8/(1|3) = 2        
  sky130_fd_pr__cap_mim_m3_1/2 = 1         |                                           
                                           |                                           
Net: w_n8526_7510#                         |Net: gnd                                   
  sky130_fd_pr__pfet_01v8/(1|3) = 5        |  sky130_fd_pr__nfet_01v8/4 = 10           
  sky130_fd_pr__pfet_01v8/4 = 6            |  sky130_fd_pr__nfet_01v8/(1|3) = 8        
  sky130_fd_pr__pfet_01v8/2 = 1            |  sky130_fd_pr__nfet_01v8/2 = 3            
  sky130_fd_pr__nfet_01v8/(1|3) = 1        |  sky130_fd_pr__pfet_01v8/4 = 2            
                                           |  sky130_fd_pr__pfet_01v8/(1|3) = 2        
                                           |  sky130_fd_pr__pfet_01v8/2 = 1            
                                           |                                           
Net: a_n9311_n3159#                        |Net: OPAMP_TWO_STAGE:0/wire1               
  sky130_fd_pr__nfet_01v8/(1|3) = 10       |  sky130_fd_pr__nfet_01v8/(1|3) = 1        
  sky130_fd_pr__nfet_01v8/4 = 12           |  sky130_fd_pr__pfet_01v8/(1|3) = 2        
  sky130_fd_pr__nfet_01v8/2 = 3            |  sky130_fd_pr__pfet_01v8/4 = 4            
                                           |                                           
Net: a_n2511_10156#                        |Net: OPAMP_TWO_STAGE:0/GAIN_STAGE:1/wire0  
  sky130_fd_pr__pfet_01v8/(1|3) = 2        |  sky130_fd_pr__cap_mim_m3_1/1 = 1         
                                           |                                           
Net: a_12876_1294#                         |Net: OPAMP_TWO_STAGE:0/GAIN_STAGE:1/DIFF_T 
  sky130_fd_pr__nfet_01v8/(1|3) = 2        |  sky130_fd_pr__pfet_01v8/2 = 4            
                                           |  sky130_fd_pr__pfet_01v8/(1|3) = 1        
---------------------------------------------------------------------------------------

---------------------------------------------------------------------------------------
Net: a_n2686_12378#                        |Net: CSoutput                              
  sky130_fd_pr__pfet_01v8/2 = 4            |  sky130_fd_pr__pfet_01v8/2 = 1            
  sky130_fd_pr__pfet_01v8/(1|3) = 1        |  sky130_fd_pr__pfet_01v8/(1|3) = 3        
  sky130_fd_pr__nfet_01v8/(1|3) = 1        |  sky130_fd_pr__nfet_01v8/(1|3) = 1        
                                           |  sky130_fd_pr__nfet_01v8/2 = 1            
---------------------------------------------------------------------------------------
DEVICE mismatches: Class fragments follow (with node fanout counts):
Circuit 1: opamp_test                      |Circuit 2: opamp_test                      

---------------------------------------------------------------------------------------
Instance: sky130_fd_pr__nfet_01v8:118      |Instance: OUTPUT_STAGE:1/CURRENT_MIRROR:1/ 
  (1,3) = (25,3)                           |  (1,3) = (26,2)                           
  2 = 3                                    |  2 = 3                                    
  4 = 25                                   |  4 = 26                                   
                                           |                                           
Instance: sky130_fd_pr__nfet_01v8:57       |Instance: OUTPUT_STAGE:1/CURRENT_MIRROR:1/ 
  (1,3) = (25,2)                           |  (1,3) = (26,3)                           
  2 = 3                                    |  2 = 3                                    
  4 = 25                                   |  4 = 26                                   
                                           |                                           
Instance: sky130_fd_pr__nfet_01v8:32       |Instance: OPAMP_TWO_STAGE:0/INPUT_STAGE:0/ 
  (1,3) = (25,25)                          |  (1,3) = (26,26)                          
  2 = 25                                   |  2 = 26                                   
  4 = 25                                   |  4 = 26                                   
                                           |                                           
Instance: sky130_fd_pr__nfet_01v8:16       |Instance: OUTPUT_STAGE:1/NMOS_2:0/sky130_f 
  (1,3) = (25,3)                           |  (1,3) = (2,2)                            
  2 = 3                                    |  2 = 6                                    
  4 = 25                                   |  4 = 26                                   
                                           |                                           
Instance: sky130_fd_pr__nfet_01v8:11       |Instance: OPAMP_TWO_STAGE:0/GAIN_STAGE:1/C 
  (1,3) = (13,2)                           |  (1,3) = (3,1)                            
  2 = 4                                    |  2 = 0                                    
  4 = 25                                   |  4 = 0                                    
                                           |                                           
Instance: sky130_fd_pr__nfet_01v8:2        |Instance: OPAMP_TWO_STAGE:0/GAIN_STAGE:1/C 
  (1,3) = (25,4)                           |  (1,3) = (1,1)                            
  2 = 3                                    |  2 = 0                                    
  4 = 25                                   |  4 = 0                                    
---------------------------------------------------------------------------------------

---------------------------------------------------------------------------------------
Instance: sky130_fd_pr__pfet_01v8:3        |Instance: OPAMP_TWO_STAGE:0/GAIN_STAGE:1/D 
  (1,3) = (13,13)                          |  (1,3) = (26,26)                          
  2 = 13                                   |  2 = 26                                   
  4 = 13                                   |  4 = 26                                   
                                           |                                           
Instance: sky130_fd_pr__pfet_01v8:0        |Instance: OPAMP_TWO_STAGE:0/GAIN_STAGE:1/D 
  (1,3) = (13,4)                           |  (1,3) = (5,2)                            
  2 = 3                                    |  2 = 5                                    
  4 = 13                                   |  4 = 7                                    
                                           |                                           
Instance: sky130_fd_pr__pfet_01v8:103      |Instance: OPAMP_TWO_STAGE:0/GAIN_STAGE:1/D 
  (1,3) = (13,2)                           |  (1,3) = (7,2)                            
  2 = 6                                    |  2 = 5                                    
  4 = 13                                   |  4 = 7                                    
                                           |                                           
Instance: sky130_fd_pr__pfet_01v8:29       |Instance: OPAMP_TWO_STAGE:0/GAIN_STAGE:1/D 
  (1,3) = (13,3)                           |  (1,3) = (3,2)                            
  2 = 6                                    |  2 = 6                                    
  4 = 13                                   |  4 = 26                                   
                                           |                                           
Instance: sky130_fd_pr__pfet_01v8:7        |Instance: OPAMP_TWO_STAGE:0/GAIN_STAGE:1/D 
  (1,3) = (3,3)                            |  (1,3) = (6,6)                            
  2 = 6                                    |  2 = 5                                    
  4 = 13                                   |  4 = 7                                    
                                           |                                           
Instance: sky130_fd_pr__pfet_01v8:5        |Instance: OPAMP_TWO_STAGE:0/GAIN_STAGE:1/D 
  (1,3) = (6,2)                            |  (1,3) = (7,6)                            
  2 = 6                                    |  2 = 5                                    
  4 = 13                                   |  4 = 7                                    
---------------------------------------------------------------------------------------
Netlists do not match.

Subcircuit pins:
Circuit 1: opamp_test                      |Circuit 2: opamp_test                      
-------------------------------------------|-------------------------------------------
(no pins)                                  |output **Mismatch**                        
(no matching pin)                          |CSoutput                                   
(no matching pin)                          |vdd                                        
(no matching pin)                          |plus                                       
(no matching pin)                          |minus                                      
(no matching pin)                          |commonsourceibias                          
(no matching pin)                          |outputibias                                
(no matching pin)                          |diffpairibias                              
(no matching pin)                          |gnd                                        
---------------------------------------------------------------------------------------
Cell pin lists for opamp_test and opamp_test altered to match.
Device classes opamp_test and opamp_test are equivalent.

Final result: Top level cell failed pin matching.
