
Circuit 1 cell sky130_fd_pr__nfet_01v8 and Circuit 2 cell sky130_fd_pr__nfet_01v8 are black boxes.
Warning: Equate pins:  cell sky130_fd_pr__nfet_01v8 is a placeholder, treated as a black box.
Warning: Equate pins:  cell sky130_fd_pr__nfet_01v8 is a placeholder, treated as a black box.

Subcircuit pins:
Circuit 1: sky130_fd_pr__nfet_01v8         |Circuit 2: sky130_fd_pr__nfet_01v8         
-------------------------------------------|-------------------------------------------
1                                          |1                                          
2                                          |2                                          
3                                          |3                                          
4                                          |4                                          
---------------------------------------------------------------------------------------
Cell pin lists are equivalent.
Device classes sky130_fd_pr__nfet_01v8 and sky130_fd_pr__nfet_01v8 are equivalent.
Flattening unmatched subcell NMOS in circuit debug_fvf_1 (1)(1 instance)
Flattening unmatched subcell NMOS_1 in circuit debug_fvf_1 (1)(1 instance)

Class debug_fvf_1 (0):  Merged 5 parallel devices.
Class debug_fvf_1 (1):  Merged 3 parallel devices.
Subcircuit summary:
Circuit 1: debug_fvf_1                     |Circuit 2: debug_fvf_1                     
-------------------------------------------|-------------------------------------------
sky130_fd_pr__nfet_01v8 (8->3)             |sky130_fd_pr__nfet_01v8 (8->3)             
Number of devices: 3                       |Number of devices: 3                       
Number of nets: 4                          |Number of nets: 4                          
---------------------------------------------------------------------------------------
Netlists match uniquely.

Subcircuit pins:
Circuit 1: debug_fvf_1                     |Circuit 2: debug_fvf_1                     
-------------------------------------------|-------------------------------------------
VIN                                        |VIN                                        
Ib                                         |Ib                                         
VOUT                                       |VOUT                                       
VBULK                                      |VBULK                                      
---------------------------------------------------------------------------------------
Cell pin lists are equivalent.
Device classes debug_fvf_1 and debug_fvf_1 are equivalent.

Final result: Circuits match uniquely.
.
